#
# There is insufficient memory for the Java Runtime Environment to continue.
# Native memory allocation (mmap) failed to map 266338304 bytes for G1 virtual space
# Possible reasons:
#   The system is out of physical RAM or swap space
#   The process is running with CompressedOops enabled, and the Java Heap may be blocking the growth of the native heap
# Possible solutions:
#   Reduce memory load on the system
#   Increase physical memory or swap space
#   Check if swap backing store is full
#   Decrease Java heap size (-Xmx/-Xms)
#   Decrease number of Java threads
#   Decrease Java thread stack sizes (-Xss)
#   Set larger code cache with -XX:ReservedCodeCacheSize=
#   JVM is running with Zero Based Compressed Oops mode in which the Java heap is
#     placed in the first 32GB address space. The Java Heap base address is the
#     maximum limit for the native heap growth. Please use -XX:HeapBaseMinAddress
#     to set the Java Heap base and to place the Java Heap above 32GB virtual address.
# This output file may be truncated or incomplete.
#
#  Out of Memory Error (os_windows.cpp:3557), pid=24168, tid=23332
#
# JRE version:  (17.0.6+10) (build )
# Java VM: OpenJDK 64-Bit Server VM (17.0.6+10, mixed mode, sharing, tiered, compressed oops, compressed class ptrs, g1 gc, windows-amd64)
# No core dump will be written. Minidumps are not enabled by default on client versions of Windows
#

---------------  S U M M A R Y ------------

Command Line: -agentlib:jdwp=transport=dt_socket,server=n,suspend=y,address=localhost:52461 -XX:+ShowCodeDetailsInExceptionMessages Server

Host: Intel(R) Core(TM) i5-10300H CPU @ 2.50GHz, 8 cores, 15G,  Windows 11 , 64 bit Build 22621 (10.0.22621.2506)
Time: Tue Jan  7 11:06:13 2025 India Standard Time elapsed time: 0.008752 seconds (0d 0h 0m 0s)

---------------  T H R E A D  ---------------

Current thread (0x0000020ad913fc70):  JavaThread "Unknown thread" [_thread_in_vm, id=23332, stack(0x000000d842500000,0x000000d842600000)]

Stack: [0x000000d842500000,0x000000d842600000]
Native frames: (J=compiled Java code, j=interpreted, Vv=VM code, C=native code)
V  [jvm.dll+0x67741a]
V  [jvm.dll+0x834434]
V  [jvm.dll+0x835bde]
V  [jvm.dll+0x836243]
V  [jvm.dll+0x2457b5]
V  [jvm.dll+0x674329]
V  [jvm.dll+0x6689da]
V  [jvm.dll+0x30489b]
V  [jvm.dll+0x30bd96]
V  [jvm.dll+0x35b57e]
V  [jvm.dll+0x35b7af]
V  [jvm.dll+0x2db778]
V  [jvm.dll+0x2dc6e4]
V  [jvm.dll+0x806131]
V  [jvm.dll+0x369331]
V  [jvm.dll+0x7e56ac]
V  [jvm.dll+0x3eb35f]
V  [jvm.dll+0x3ecea1]
C  [jli.dll+0x5267]
C  [ucrtbase.dll+0x29363]
C  [KERNEL32.DLL+0x1257d]
C  [ntdll.dll+0x5aa58]


---------------  P R O C E S S  ---------------

Threads class SMR info:
_java_thread_list=0x00007ffe4fc65fd8, length=0, elements={
}

Java Threads: ( => current thread )

Other Threads:
  0x0000020ad91ac390 GCTaskThread "GC Thread#0" [stack: 0x000000d842600000,0x000000d842700000] [id=23896]
  0x0000020ad91bd050 ConcurrentGCThread "G1 Main Marker" [stack: 0x000000d842700000,0x000000d842800000] [id=24600]
  0x0000020ad91bf210 ConcurrentGCThread "G1 Conc#0" [stack: 0x000000d842800000,0x000000d842900000] [id=25104]

[error occurred during error reporting (printing all threads), id 0xc0000005, EXCEPTION_ACCESS_VIOLATION (0xc0000005) at pc=0x00007ffe4f43c1e7]

VM state: not at safepoint (not fully initialized)

VM Mutex/Monitor currently owned by a thread:  ([mutex/lock_event])
[0x0000020ad9139740] Heap_lock - owner thread: 0x0000020ad913fc70

Heap address: 0x0000000702800000, size: 4056 MB, Compressed Oops mode: Zero based, Oop shift amount: 3

CDS archive(s) mapped at: [0x0000000000000000-0x0000000000000000-0x0000000000000000), size 0, SharedBaseAddress: 0x0000000800000000, ArchiveRelocationMode: 0.
Narrow klass base: 0x0000000000000000, Narrow klass shift: 0, Narrow klass range: 0x0

GC Precious Log:
<Empty>

Heap:
 garbage-first heap   total 0K, used 0K [0x0000000702800000, 0x0000000800000000)
  region size 2048K, 0 young (0K), 0 survivors (0K)

[error occurred during error reporting (printing heap information), id 0xc0000005, EXCEPTION_ACCESS_VIOLATION (0xc0000005) at pc=0x00007ffe4f8206f9]

GC Heap History (0 events):
No events

Dll operation events (1 events):
Event: 0.005 Loaded shared library C:\Program Files\Eclipse Adoptium\jdk-17.0.6.10-hotspot\bin\java.dll

Deoptimization events (0 events):
No events

Classes unloaded (0 events):
No events

Classes redefined (0 events):
No events

Internal exceptions (0 events):
No events

VM Operations (0 events):
No events

Events (0 events):
No events


Dynamic libraries:
0x00007ff78b040000 - 0x00007ff78b04e000 	C:\Program Files\Eclipse Adoptium\jdk-17.0.6.10-hotspot\bin\java.exe
0x00007ffee9810000 - 0x00007ffee9a27000 	C:\WINDOWS\SYSTEM32\ntdll.dll
0x00007ffee83e0000 - 0x00007ffee84a4000 	C:\WINDOWS\System32\KERNEL32.DLL
0x00007ffee6b50000 - 0x00007ffee6ef6000 	C:\WINDOWS\System32\KERNELBASE.dll
0x00007ffee7350000 - 0x00007ffee7461000 	C:\WINDOWS\System32\ucrtbase.dll
0x00007ffecae00000 - 0x00007ffecae17000 	C:\Program Files\Eclipse Adoptium\jdk-17.0.6.10-hotspot\bin\jli.dll
0x00007ffecc920000 - 0x00007ffecc939000 	C:\Program Files\Eclipse Adoptium\jdk-17.0.6.10-hotspot\bin\VCRUNTIME140.dll
0x00007ffee7a10000 - 0x00007ffee7bbe000 	C:\WINDOWS\System32\USER32.dll
0x00007ffee71b0000 - 0x00007ffee71d6000 	C:\WINDOWS\System32\win32u.dll
0x00007ffed0a80000 - 0x00007ffed0d13000 	C:\WINDOWS\WinSxS\amd64_microsoft.windows.common-controls_6595b64144ccf1df_6.0.22621.2506_none_270c5ae97388e100\COMCTL32.dll
0x00007ffee7bc0000 - 0x00007ffee7be9000 	C:\WINDOWS\System32\GDI32.dll
0x00007ffee8810000 - 0x00007ffee88b7000 	C:\WINDOWS\System32\msvcrt.dll
0x00007ffee7020000 - 0x00007ffee7138000 	C:\WINDOWS\System32\gdi32full.dll
0x00007ffee6f00000 - 0x00007ffee6f9a000 	C:\WINDOWS\System32\msvcp_win.dll
0x00007ffee88c0000 - 0x00007ffee88f1000 	C:\WINDOWS\System32\IMM32.DLL
0x00007ffed01e0000 - 0x00007ffed01ec000 	C:\Program Files\Eclipse Adoptium\jdk-17.0.6.10-hotspot\bin\vcruntime140_1.dll
0x00007ffe616d0000 - 0x00007ffe61761000 	C:\Program Files\Eclipse Adoptium\jdk-17.0.6.10-hotspot\bin\msvcp140.dll
0x00007ffe4f150000 - 0x00007ffe4fd97000 	C:\Program Files\Eclipse Adoptium\jdk-17.0.6.10-hotspot\bin\server\jvm.dll
0x00007ffee7710000 - 0x00007ffee77c3000 	C:\WINDOWS\System32\ADVAPI32.dll
0x00007ffee7c50000 - 0x00007ffee7cf8000 	C:\WINDOWS\System32\sechost.dll
0x00007ffee7530000 - 0x00007ffee7558000 	C:\WINDOWS\System32\bcrypt.dll
0x00007ffee75f0000 - 0x00007ffee7707000 	C:\WINDOWS\System32\RPCRT4.dll
0x00007ffedf460000 - 0x00007ffedf494000 	C:\WINDOWS\SYSTEM32\WINMM.dll
0x00007ffecc990000 - 0x00007ffecc999000 	C:\WINDOWS\SYSTEM32\WSOCK32.dll
0x00007ffedf4a0000 - 0x00007ffedf4aa000 	C:\WINDOWS\SYSTEM32\VERSION.dll
0x00007ffee8900000 - 0x00007ffee8971000 	C:\WINDOWS\System32\WS2_32.dll
0x00007ffee5c70000 - 0x00007ffee5c88000 	C:\WINDOWS\SYSTEM32\kernel.appcore.dll
0x00007ffecc1c0000 - 0x00007ffecc1ca000 	C:\Program Files\Eclipse Adoptium\jdk-17.0.6.10-hotspot\bin\jimage.dll
0x00007ffee4480000 - 0x00007ffee46b3000 	C:\WINDOWS\SYSTEM32\DBGHELP.DLL
0x00007ffee7fd0000 - 0x00007ffee8359000 	C:\WINDOWS\System32\combase.dll
0x00007ffee8600000 - 0x00007ffee86d7000 	C:\WINDOWS\System32\OLEAUT32.dll
0x00007ffec3ac0000 - 0x00007ffec3af2000 	C:\WINDOWS\SYSTEM32\dbgcore.DLL
0x00007ffee6fa0000 - 0x00007ffee701a000 	C:\WINDOWS\System32\bcryptPrimitives.dll
0x00007ffe8e320000 - 0x00007ffe8e35b000 	C:\Program Files\Eclipse Adoptium\jdk-17.0.6.10-hotspot\bin\jdwp.dll
0x00007ffe9fde0000 - 0x00007ffe9fe05000 	C:\Program Files\Eclipse Adoptium\jdk-17.0.6.10-hotspot\bin\java.dll

dbghelp: loaded successfully - version: 4.0.5 - missing functions: none
symbol engine: initialized successfully - sym options: 0x614 - pdb path: .;C:\Program Files\Eclipse Adoptium\jdk-17.0.6.10-hotspot\bin;C:\WINDOWS\SYSTEM32;C:\WINDOWS\WinSxS\amd64_microsoft.windows.common-controls_6595b64144ccf1df_6.0.22621.2506_none_270c5ae97388e100;C:\Program Files\Eclipse Adoptium\jdk-17.0.6.10-hotspot\bin\server

VM Arguments:
jvm_args: -agentlib:jdwp=transport=dt_socket,server=n,suspend=y,address=localhost:52461 -XX:+ShowCodeDetailsInExceptionMessages 
java_command: Server
java_class_path (initial): C:\Users\Anish\AppData\Roaming\Code\User\workspaceStorage\60eabf6881a17de4ecb83e37d3728821\redhat.java\jdt_ws\chatting_adfdfce3\bin
Launcher Type: SUN_STANDARD

[Global flags]
     intx CICompilerCount                          = 4                                         {product} {ergonomic}
     uint ConcGCThreads                            = 2                                         {product} {ergonomic}
     uint G1ConcRefinementThreads                  = 8                                         {product} {ergonomic}
   size_t G1HeapRegionSize                         = 2097152                                   {product} {ergonomic}
    uintx GCDrainStackTargetSize                   = 64                                        {product} {ergonomic}
   size_t InitialHeapSize                          = 266338304                                 {product} {ergonomic}
   size_t MarkStackSize                            = 4194304                                   {product} {ergonomic}
   size_t MaxHeapSize                              = 4253024256                                {product} {ergonomic}
   size_t MinHeapDeltaBytes                        = 2097152                                   {product} {ergonomic}
   size_t MinHeapSize                              = 8388608                                   {product} {ergonomic}
    uintx NonNMethodCodeHeapSize                   = 5839372                                {pd product} {ergonomic}
    uintx NonProfiledCodeHeapSize                  = 122909434                              {pd product} {ergonomic}
    uintx ProfiledCodeHeapSize                     = 122909434                              {pd product} {ergonomic}
    uintx ReservedCodeCacheSize                    = 251658240                              {pd product} {ergonomic}
     bool SegmentedCodeCache                       = true                                      {product} {ergonomic}
     bool ShowCodeDetailsInExceptionMessages       = true                                   {manageable} {command line}
   size_t SoftMaxHeapSize                          = 4253024256                             {manageable} {ergonomic}
     bool UseCompressedClassPointers               = true                           {product lp64_product} {ergonomic}
     bool UseCompressedOops                        = true                           {product lp64_product} {ergonomic}
     bool UseG1GC                                  = true                                      {product} {ergonomic}
     bool UseLargePagesIndividualAllocation        = false                                  {pd product} {ergonomic}

Logging:
Log output configuration:
 #0: stdout all=warning uptime,level,tags
 #1: stderr all=off uptime,level,tags

Environment Variables:
PATH=C:\ProgramData\Oracle\Java\javapath;C:\Program Files\Eclipse Adoptium\jdk-17.0.6.10-hotspot\bin;C:\Windows\system32;C:\Windows;C:\Windows\System32\Wbem;C:\Windows\System32\WindowsPowerShell\v1.0\;C:\Windows\System32\OpenSSH\;C:\Program Files (x86)\NVIDIA Corporation\PhysX\Common;C:\WINDOWS\system32;C:\WINDOWS;C:\WINDOWS\System32\Wbem;C:\WINDOWS\System32\WindowsPowerShell\v1.0\;C:\WINDOWS\System32\OpenSSH\;C:\Program Files\Git\cmd;C:\Program Files\Git\bin;C:\Program Files\Bandizip\;C:\Program Files\nodejs\;C:\Program Files\NVIDIA Corporation\NVIDIA app\NvDLISR;C:\Program Files\MySQL\MySQL Shell 8.0\bin\;C:\Users\Anish\AppData\Local\Microsoft\WindowsApps;C:\Users\Anish\AppData\Roaming\npm;C:\Users\Anish\AppData\Local\Programs\Microsoft VS Code\bin;C:\Users\Anish\AppData\Local\JetBrains\IntelliJ IDEA 2024.1.3\bin;
USERNAME=Anish
LANG=en_US.UTF-8
OS=Windows_NT
PROCESSOR_IDENTIFIER=Intel64 Family 6 Model 165 Stepping 2, GenuineIntel
TMP=C:\Users\Anish\AppData\Local\Temp
TEMP=C:\Users\Anish\AppData\Local\Temp



---------------  S Y S T E M  ---------------

OS:
 Windows 11 , 64 bit Build 22621 (10.0.22621.2506)
OS uptime: 0 days 14:33 hours

CPU: total 8 (initial active 8) (4 cores per cpu, 2 threads per core) family 6 model 165 stepping 2 microcode 0xe0, cx8, cmov, fxsr, ht, mmx, 3dnowpref, sse, sse2, sse3, ssse3, sse4.1, sse4.2, popcnt, lzcnt, tsc, tscinvbit, avx, avx2, aes, erms, clmul, bmi1, bmi2, adx, fma, vzeroupper, clflush, clflushopt

Memory: 4k page, system-wide physical 16221M (3286M free)
TotalPageFile size 23243M (AvailPageFile size 230M)
current process WorkingSet (physical memory assigned to process): 11M, peak: 11M
current process commit charge ("private bytes"): 60M, peak: 314M

vm_info: OpenJDK 64-Bit Server VM (17.0.6+10) for windows-amd64 JRE (17.0.6+10), built on Jan 18 2023 10:08:59 by "temurin" with MS VC++ 16.7 (VS2019)

END.
